
Inactive Modules:
  1) defaultenv


Activating Modules:
  1) defaultenv/10

2021-07-15 18:55:48.404083: I tensorflow/stream_executor/platform/default/dso_loader.cc:44] Successfully opened dynamic library libcuda.so.1
2021-07-15 18:55:48.442215: I tensorflow/core/common_runtime/gpu/gpu_device.cc:1618] Found device 0 with properties: 
name: Tesla K80 major: 3 minor: 7 memoryClockRate(GHz): 0.8235
pciBusID: 0000:07:00.0
2021-07-15 18:55:48.444444: I tensorflow/stream_executor/platform/default/dso_loader.cc:44] Successfully opened dynamic library libcudart.so.10.0
2021-07-15 18:55:48.458272: I tensorflow/stream_executor/platform/default/dso_loader.cc:44] Successfully opened dynamic library libcublas.so.10.0
2021-07-15 18:55:48.483389: I tensorflow/stream_executor/platform/default/dso_loader.cc:44] Successfully opened dynamic library libcufft.so.10.0
2021-07-15 18:55:48.497887: I tensorflow/stream_executor/platform/default/dso_loader.cc:44] Successfully opened dynamic library libcurand.so.10.0
2021-07-15 18:55:48.515351: I tensorflow/stream_executor/platform/default/dso_loader.cc:44] Successfully opened dynamic library libcusolver.so.10.0
2021-07-15 18:55:48.525597: I tensorflow/stream_executor/platform/default/dso_loader.cc:44] Successfully opened dynamic library libcusparse.so.10.0
2021-07-15 18:55:48.561040: I tensorflow/stream_executor/platform/default/dso_loader.cc:44] Successfully opened dynamic library libcudnn.so.7
2021-07-15 18:55:48.569846: I tensorflow/core/common_runtime/gpu/gpu_device.cc:1746] Adding visible gpu devices: 0
2021-07-15 18:55:48.605420: I tensorflow/core/platform/cpu_feature_guard.cc:142] Your CPU supports instructions that this TensorFlow binary was not compiled to use: AVX2 FMA
2021-07-15 18:55:48.614136: I tensorflow/core/platform/profile_utils/cpu_utils.cc:94] CPU Frequency: 2300000000 Hz
2021-07-15 18:55:48.614390: I tensorflow/compiler/xla/service/service.cc:168] XLA service 0x4958550 executing computations on platform Host. Devices:
2021-07-15 18:55:48.614415: I tensorflow/compiler/xla/service/service.cc:175]   StreamExecutor device (0): Host, Default Version
2021-07-15 18:55:48.836295: I tensorflow/compiler/xla/service/service.cc:168] XLA service 0x495add0 executing computations on platform CUDA. Devices:
2021-07-15 18:55:48.836336: I tensorflow/compiler/xla/service/service.cc:175]   StreamExecutor device (0): Tesla K80, Compute Capability 3.7
2021-07-15 18:55:48.840367: I tensorflow/core/common_runtime/gpu/gpu_device.cc:1618] Found device 0 with properties: 
name: Tesla K80 major: 3 minor: 7 memoryClockRate(GHz): 0.8235
pciBusID: 0000:07:00.0
2021-07-15 18:55:48.840414: I tensorflow/stream_executor/platform/default/dso_loader.cc:44] Successfully opened dynamic library libcudart.so.10.0
2021-07-15 18:55:48.840434: I tensorflow/stream_executor/platform/default/dso_loader.cc:44] Successfully opened dynamic library libcublas.so.10.0
2021-07-15 18:55:48.840452: I tensorflow/stream_executor/platform/default/dso_loader.cc:44] Successfully opened dynamic library libcufft.so.10.0
2021-07-15 18:55:48.840469: I tensorflow/stream_executor/platform/default/dso_loader.cc:44] Successfully opened dynamic library libcurand.so.10.0
2021-07-15 18:55:48.840486: I tensorflow/stream_executor/platform/default/dso_loader.cc:44] Successfully opened dynamic library libcusolver.so.10.0
2021-07-15 18:55:48.840503: I tensorflow/stream_executor/platform/default/dso_loader.cc:44] Successfully opened dynamic library libcusparse.so.10.0
2021-07-15 18:55:48.840521: I tensorflow/stream_executor/platform/default/dso_loader.cc:44] Successfully opened dynamic library libcudnn.so.7
2021-07-15 18:55:48.848279: I tensorflow/core/common_runtime/gpu/gpu_device.cc:1746] Adding visible gpu devices: 0
2021-07-15 18:55:48.848324: I tensorflow/stream_executor/platform/default/dso_loader.cc:44] Successfully opened dynamic library libcudart.so.10.0
2021-07-15 18:55:48.852996: I tensorflow/core/common_runtime/gpu/gpu_device.cc:1159] Device interconnect StreamExecutor with strength 1 edge matrix:
2021-07-15 18:55:48.853018: I tensorflow/core/common_runtime/gpu/gpu_device.cc:1165]      0 
2021-07-15 18:55:48.853032: I tensorflow/core/common_runtime/gpu/gpu_device.cc:1178] 0:   N 
2021-07-15 18:55:48.860395: I tensorflow/core/common_runtime/gpu/gpu_device.cc:1304] Created TensorFlow device (/job:localhost/replica:0/task:0/device:GPU:0 with 10813 MB memory) -> physical GPU (device: 0, name: Tesla K80, pci bus id: 0000:07:00.0, compute capability: 3.7)
30000 8
2021-07-15 18:55:49.827511: I tensorflow/stream_executor/platform/default/dso_loader.cc:44] Successfully opened dynamic library libcublas.so.10.0
/var/spool/slurmd/job42669421/slurm_script: line 22: 20381 Killed                  python3 -u dataspace_search_dt0p01.py
slurmstepd: error: Detected 1 oom-kill event(s) in StepId=42669421.batch cgroup. Some of your processes may have been killed by the cgroup out-of-memory handler.
