
Inactive Modules:
  1) defaultenv


Activating Modules:
  1) defaultenv/10

2021-07-15 18:55:48.404083: I tensorflow/stream_executor/platform/default/dso_loader.cc:44] Successfully opened dynamic library libcuda.so.1
2021-07-15 18:55:48.463485: I tensorflow/core/common_runtime/gpu/gpu_device.cc:1618] Found device 0 with properties: 
name: Tesla K80 major: 3 minor: 7 memoryClockRate(GHz): 0.8235
pciBusID: 0000:84:00.0
2021-07-15 18:55:48.463883: I tensorflow/stream_executor/platform/default/dso_loader.cc:44] Successfully opened dynamic library libcudart.so.10.0
2021-07-15 18:55:48.465853: I tensorflow/stream_executor/platform/default/dso_loader.cc:44] Successfully opened dynamic library libcublas.so.10.0
2021-07-15 18:55:48.483388: I tensorflow/stream_executor/platform/default/dso_loader.cc:44] Successfully opened dynamic library libcufft.so.10.0
2021-07-15 18:55:48.497890: I tensorflow/stream_executor/platform/default/dso_loader.cc:44] Successfully opened dynamic library libcurand.so.10.0
2021-07-15 18:55:48.515352: I tensorflow/stream_executor/platform/default/dso_loader.cc:44] Successfully opened dynamic library libcusolver.so.10.0
2021-07-15 18:55:48.525593: I tensorflow/stream_executor/platform/default/dso_loader.cc:44] Successfully opened dynamic library libcusparse.so.10.0
2021-07-15 18:55:48.561044: I tensorflow/stream_executor/platform/default/dso_loader.cc:44] Successfully opened dynamic library libcudnn.so.7
2021-07-15 18:55:48.569803: I tensorflow/core/common_runtime/gpu/gpu_device.cc:1746] Adding visible gpu devices: 0
2021-07-15 18:55:48.604957: I tensorflow/core/platform/cpu_feature_guard.cc:142] Your CPU supports instructions that this TensorFlow binary was not compiled to use: AVX2 FMA
2021-07-15 18:55:48.613839: I tensorflow/core/platform/profile_utils/cpu_utils.cc:94] CPU Frequency: 2300000000 Hz
2021-07-15 18:55:48.614114: I tensorflow/compiler/xla/service/service.cc:168] XLA service 0x5773f40 executing computations on platform Host. Devices:
2021-07-15 18:55:48.614143: I tensorflow/compiler/xla/service/service.cc:175]   StreamExecutor device (0): Host, Default Version
2021-07-15 18:55:48.835746: I tensorflow/compiler/xla/service/service.cc:168] XLA service 0x57767c0 executing computations on platform CUDA. Devices:
2021-07-15 18:55:48.835784: I tensorflow/compiler/xla/service/service.cc:175]   StreamExecutor device (0): Tesla K80, Compute Capability 3.7
2021-07-15 18:55:48.840169: I tensorflow/core/common_runtime/gpu/gpu_device.cc:1618] Found device 0 with properties: 
name: Tesla K80 major: 3 minor: 7 memoryClockRate(GHz): 0.8235
pciBusID: 0000:84:00.0
2021-07-15 18:55:48.840262: I tensorflow/stream_executor/platform/default/dso_loader.cc:44] Successfully opened dynamic library libcudart.so.10.0
2021-07-15 18:55:48.840283: I tensorflow/stream_executor/platform/default/dso_loader.cc:44] Successfully opened dynamic library libcublas.so.10.0
2021-07-15 18:55:48.840301: I tensorflow/stream_executor/platform/default/dso_loader.cc:44] Successfully opened dynamic library libcufft.so.10.0
2021-07-15 18:55:48.840319: I tensorflow/stream_executor/platform/default/dso_loader.cc:44] Successfully opened dynamic library libcurand.so.10.0
2021-07-15 18:55:48.840337: I tensorflow/stream_executor/platform/default/dso_loader.cc:44] Successfully opened dynamic library libcusolver.so.10.0
2021-07-15 18:55:48.840356: I tensorflow/stream_executor/platform/default/dso_loader.cc:44] Successfully opened dynamic library libcusparse.so.10.0
2021-07-15 18:55:48.840375: I tensorflow/stream_executor/platform/default/dso_loader.cc:44] Successfully opened dynamic library libcudnn.so.7
2021-07-15 18:55:48.848205: I tensorflow/core/common_runtime/gpu/gpu_device.cc:1746] Adding visible gpu devices: 0
2021-07-15 18:55:48.848254: I tensorflow/stream_executor/platform/default/dso_loader.cc:44] Successfully opened dynamic library libcudart.so.10.0
2021-07-15 18:55:48.852797: I tensorflow/core/common_runtime/gpu/gpu_device.cc:1159] Device interconnect StreamExecutor with strength 1 edge matrix:
2021-07-15 18:55:48.852849: I tensorflow/core/common_runtime/gpu/gpu_device.cc:1165]      0 
2021-07-15 18:55:48.852880: I tensorflow/core/common_runtime/gpu/gpu_device.cc:1178] 0:   N 
2021-07-15 18:55:48.860250: I tensorflow/core/common_runtime/gpu/gpu_device.cc:1304] Created TensorFlow device (/job:localhost/replica:0/task:0/device:GPU:0 with 10813 MB memory) -> physical GPU (device: 0, name: Tesla K80, pci bus id: 0000:84:00.0, compute capability: 3.7)
35000 9
2021-07-15 18:55:49.868316: I tensorflow/stream_executor/platform/default/dso_loader.cc:44] Successfully opened dynamic library libcublas.so.10.0
/var/spool/slurmd/job42669422/slurm_script: line 22: 20383 Killed                  python3 -u dataspace_search_dt0p01.py
slurmstepd: error: Detected 1 oom-kill event(s) in StepId=42669422.batch cgroup. Some of your processes may have been killed by the cgroup out-of-memory handler.
